// Jest Snapshot v1, https://goo.gl/fbAQLP

exports[`[ProductCard] ui rendering test should render outer component and snapshot matches 1`] = `null`;
